
NIC  : 42424650-4c32-3532-3230-324332000000 (0000:06:00.0)

Port : 04908136-9960-4242-4242-000011010000 (eth1/1)
  Spec:
    Ifindex                                  : 0x11010000
    Type                                     : ETH
    speed                                    : 400G
    Admin state                              : UP
    FEC type                                 : RS
    Pause type                               : PFC
    Number of lanes                          : 4
    MTU                                      : 9216
    TX pause                                 : enabled
    RX pause                                 : enabled
    Auto negotiation                         : disabled
  Status:
    Physical port                            : 1
    Operational status                       : UP
    Link FSM state                           : UP
    FEC type                                 : RS
    Cable type                               : Copper
    Number of lanes                          : 4
    speed                                    : 400G
    Auto negotiation                         : disabled
    MAC ID                                   : 0
    MAC channel                              : 0
    MAC address                              : 04:90:81:36:99:60
    Transceiver type                         : QSFP_CMIS
    Transceiver state                        : SPROM-READ
    Transceiver PID                          : QSFP-400G-CR4
-------------------------------------------------------------------------------------

NIC  : 42424650-4c32-3532-3230-333633000000 (0000:16:00.0)

Port : 04908136-a878-4242-4242-000011010000 (eth1/1)
  Spec:
    Ifindex                                  : 0x11010000
    Type                                     : ETH
    speed                                    : 400G
    Admin state                              : UP
    FEC type                                 : RS
    Pause type                               : PFC
    Number of lanes                          : 4
    MTU                                      : 9216
    TX pause                                 : enabled
    RX pause                                 : enabled
    Auto negotiation                         : disabled
  Status:
    Physical port                            : 1
    Operational status                       : UP
    Link FSM state                           : UP
    FEC type                                 : RS
    Cable type                               : Copper
    Number of lanes                          : 4
    speed                                    : 400G
    Auto negotiation                         : disabled
    MAC ID                                   : 0
    MAC channel                              : 0
    MAC address                              : 04:90:81:36:a8:78
    Transceiver type                         : QSFP_CMIS
    Transceiver state                        : SPROM-READ
    Transceiver PID                          : QSFP-400G-CR4
-------------------------------------------------------------------------------------

NIC  : 42424650-4c32-3532-3230-313044000000 (0000:66:00.0)

Port : 04908136-7068-4242-4242-000011010000 (eth1/1)
  Spec:
    Ifindex                                  : 0x11010000
    Type                                     : ETH
    speed                                    : 400G
    Admin state                              : UP
    FEC type                                 : RS
    Pause type                               : PFC
    Number of lanes                          : 4
    MTU                                      : 9216
    TX pause                                 : enabled
    RX pause                                 : enabled
    Auto negotiation                         : disabled
  Status:
    Physical port                            : 1
    Operational status                       : UP
    Link FSM state                           : UP
    FEC type                                 : RS
    Cable type                               : Copper
    Number of lanes                          : 4
    speed                                    : 400G
    Auto negotiation                         : disabled
    MAC ID                                   : 0
    MAC channel                              : 0
    MAC address                              : 04:90:81:36:70:68
    Transceiver type                         : QSFP_CMIS
    Transceiver state                        : SPROM-READ
    Transceiver PID                          : QSFP-400G-CR4
-------------------------------------------------------------------------------------

NIC  : 42424650-4c32-3532-3230-334131000000 (0000:76:00.0)

Port : 04908136-ae48-4242-4242-000011010000 (eth1/1)
  Spec:
    Ifindex                                  : 0x11010000
    Type                                     : ETH
    speed                                    : 400G
    Admin state                              : UP
    FEC type                                 : RS
    Pause type                               : PFC
    Number of lanes                          : 4
    MTU                                      : 9216
    TX pause                                 : enabled
    RX pause                                 : enabled
    Auto negotiation                         : disabled
  Status:
    Physical port                            : 1
    Operational status                       : UP
    Link FSM state                           : UP
    FEC type                                 : RS
    Cable type                               : Copper
    Number of lanes                          : 4
    speed                                    : 400G
    Auto negotiation                         : disabled
    MAC ID                                   : 0
    MAC channel                              : 0
    MAC address                              : 04:90:81:36:ae:48
    Transceiver type                         : QSFP_CMIS
    Transceiver state                        : SPROM-READ
    Transceiver PID                          : QSFP-400G-CR4
-------------------------------------------------------------------------------------

NIC  : 42424650-4c32-3532-3230-304643000000 (0000:86:00.0)

Port : 04908136-6ed0-4242-4242-000011010000 (eth1/1)
  Spec:
    Ifindex                                  : 0x11010000
    Type                                     : ETH
    speed                                    : 400G
    Admin state                              : UP
    FEC type                                 : RS
    Pause type                               : PFC
    Number of lanes                          : 4
    MTU                                      : 9216
    TX pause                                 : enabled
    RX pause                                 : enabled
    Auto negotiation                         : disabled
  Status:
    Physical port                            : 1
    Operational status                       : UP
    Link FSM state                           : UP
    FEC type                                 : RS
    Cable type                               : Copper
    Number of lanes                          : 4
    speed                                    : 400G
    Auto negotiation                         : disabled
    MAC ID                                   : 0
    MAC channel                              : 0
    MAC address                              : 04:90:81:36:6e:d0
    Transceiver type                         : QSFP_CMIS
    Transceiver state                        : SPROM-READ
    Transceiver PID                          : QSFP-400G-CR4
-------------------------------------------------------------------------------------

NIC  : 42424650-4c32-3532-3230-313233000000 (0000:96:00.0)

Port : 04908136-7278-4242-4242-000011010000 (eth1/1)
  Spec:
    Ifindex                                  : 0x11010000
    Type                                     : ETH
    speed                                    : 400G
    Admin state                              : UP
    FEC type                                 : RS
    Pause type                               : PFC
    Number of lanes                          : 4
    MTU                                      : 9216
    TX pause                                 : enabled
    RX pause                                 : enabled
    Auto negotiation                         : disabled
  Status:
    Physical port                            : 1
    Operational status                       : UP
    Link FSM state                           : UP
    FEC type                                 : RS
    Cable type                               : Copper
    Number of lanes                          : 4
    speed                                    : 400G
    Auto negotiation                         : disabled
    MAC ID                                   : 0
    MAC channel                              : 0
    MAC address                              : 04:90:81:36:72:78
    Transceiver type                         : QSFP_CMIS
    Transceiver state                        : SPROM-READ
    Transceiver PID                          : QSFP-400G-CR4
-------------------------------------------------------------------------------------

NIC  : 42424650-4c32-3532-3230-313239000000 (0000:f6:00.0)

Port : 04908136-7308-4242-4242-000011010000 (eth1/1)
  Spec:
    Ifindex                                  : 0x11010000
    Type                                     : ETH
    speed                                    : 400G
    Admin state                              : UP
    FEC type                                 : RS
    Pause type                               : PFC
    Number of lanes                          : 4
    MTU                                      : 9216
    TX pause                                 : enabled
    RX pause                                 : enabled
    Auto negotiation                         : disabled
  Status:
    Physical port                            : 1
    Operational status                       : UP
    Link FSM state                           : UP
    FEC type                                 : RS
    Cable type                               : Copper
    Number of lanes                          : 4
    speed                                    : 400G
    Auto negotiation                         : disabled
    MAC ID                                   : 0
    MAC channel                              : 0
    MAC address                              : 04:90:81:36:73:08
    Transceiver type                         : QSFP_CMIS
    Transceiver state                        : SPROM-READ
    Transceiver PID                          : QSFP-400G-CR4
-------------------------------------------------------------------------------------

