
NIC : 42424650-4c32-3532-3230-324332000000 (0000:06:00.0)

Port : 04908136-9960-4242-4242-000011010000 (eth1/1)
Type                           : QSFP_CMIS
State                          : SPROM-READ
Length Single Mode Fiber       : 0.000000 KM
Length 62.5um OM1 Fiber        : 0 Meters
Length 50um   OM2 Fiber        : 0 Meters
Length 50um   OM3 Fiber        : 0 Meters
Length 50um   OM4 Fiber        : 0 Meters
Length 50um   OM5 Fiber        : 0 Meters
Length Copper                  : 2.000000 Meters
Length AOC Fiber               : 0.000000 Meters
Vendor name                    : ColorChip 
Vendor part number             : C-DQQ4X2R0A1-00 
Vendor serial number           : 2529900046 
Vendor revision                : 01 
Xcvr sprom (hex dump)          : 
                                 1e 50 80 07 00 00 00 00 00 00 00 00 00 00 00 00
                                 00 00 00 00 00 00 00 00 00 00 00 00 00 00 00 00
                                 00 00 00 00 00 00 00 00 00 00 00 00 00 00 00 00
                                 00 00 00 00 00 00 00 00 00 00 00 00 00 00 00 00
                                 00 00 00 00 00 00 00 00 00 00 00 00 00 00 00 00
                                 00 00 00 00 00 03 48 01 44 01 32 01 44 01 ff 00
                                 00 00 00 00 00 00 00 00 00 00 00 00 00 00 00 00
                                 00 00 00 00 00 00 00 00 00 00 00 00 00 00 00 00
                                 1e 43 6f 6c 6f 72 43 68 69 70 20 20 20 20 20 20
                                 20 e4 25 e9 43 2d 44 51 51 34 58 32 52 30 41 31
                                 2d 30 30 20 30 31 32 35 32 39 39 30 30 30 34 36
                                 20 20 20 20 20 20 32 35 30 37 31 38 20 20 20 20
                                 00 00 00 00 00 00 00 00 00 01 42 23 05 06 09 00
                                 00 00 00 03 0a 00 00 00 00 00 00 00 00 00 8c 00
                                 00 00 00 00 00 00 00 00 00 00 00 00 00 00 00 00
                                 00 00 00 00 00 00 00 00 00 00 00 00 00 00 00 00

transceiver lane               : 0
---------------
Tx los                         : N/A
Tx cdr lol                     : N/A
Rx los                         : N/A
Rx cdr lol                     : N/A
Tx bias in mA                  : N/A
Tx power in dBm                : N/A
Rx power in dBm                : N/A
----------------------------------------
transceiver lane               : 1
---------------
Tx los                         : N/A
Tx cdr lol                     : N/A
Rx los                         : N/A
Rx cdr lol                     : N/A
Tx bias in mA                  : N/A
Tx power in dBm                : N/A
Rx power in dBm                : N/A
----------------------------------------
transceiver lane               : 2
---------------
Tx los                         : N/A
Tx cdr lol                     : N/A
Rx los                         : N/A
Rx cdr lol                     : N/A
Tx bias in mA                  : N/A
Tx power in dBm                : N/A
Rx power in dBm                : N/A
----------------------------------------
transceiver lane               : 3
---------------
Tx los                         : N/A
Tx cdr lol                     : N/A
Rx los                         : N/A
Rx cdr lol                     : N/A
Tx bias in mA                  : N/A
Tx power in dBm                : N/A
Rx power in dBm                : N/A
----------------------------------------
Tx bias high alarm in mA       : N/A
Tx bias low alarm in mA        : N/A
Tx bias high warning in mA     : N/A
Tx bias low warning in mA      : N/A
Tx power high alarm in dBm     : N/A
Tx power low alarm in dBm      : N/A
Tx power high warning in dBm   : N/A
Tx power low warning in dBm    : N/A
Rx power high alarm in dBm     : N/A
Rx power low alarm in dBm      : N/A
Rx power high warning in dBm   : N/A
Rx power low warning in dBm    : N/A
-------------------------------------------------------------------------------------

NIC : 42424650-4c32-3532-3230-333633000000 (0000:16:00.0)

Port : 04908136-a878-4242-4242-000011010000 (eth1/1)
Type                           : QSFP_CMIS
State                          : SPROM-READ
Length Single Mode Fiber       : 0.000000 KM
Length 62.5um OM1 Fiber        : 0 Meters
Length 50um   OM2 Fiber        : 0 Meters
Length 50um   OM3 Fiber        : 0 Meters
Length 50um   OM4 Fiber        : 0 Meters
Length 50um   OM5 Fiber        : 0 Meters
Length Copper                  : 2.000000 Meters
Length AOC Fiber               : 0.000000 Meters
Vendor name                    : ColorChip 
Vendor part number             : C-DQQ4X2R0A1-00 
Vendor serial number           : 2529900039 
Vendor revision                : 01 
Xcvr sprom (hex dump)          : 
                                 1e 50 80 07 00 00 00 00 00 00 00 00 00 00 00 00
                                 00 00 00 00 00 00 00 00 00 00 00 00 00 00 00 00
                                 00 00 00 00 00 00 00 00 00 00 00 00 00 00 00 00
                                 00 00 00 00 00 00 00 00 00 00 00 00 00 00 00 00
                                 00 00 00 00 00 00 00 00 00 00 00 00 00 00 00 00
                                 00 00 00 00 00 03 48 01 44 01 32 01 44 01 ff 00
                                 00 00 00 00 00 00 00 00 00 00 00 00 00 00 00 00
                                 00 00 00 00 00 00 00 00 00 00 00 00 00 00 00 00
                                 1e 43 6f 6c 6f 72 43 68 69 70 20 20 20 20 20 20
                                 20 e4 25 e9 43 2d 44 51 51 34 58 32 52 30 41 31
                                 2d 30 30 20 30 31 32 35 32 39 39 30 30 30 33 39
                                 20 20 20 20 20 20 32 35 30 37 31 38 20 20 20 20
                                 00 00 00 00 00 00 00 00 00 01 42 23 05 06 09 00
                                 00 00 00 03 0a 00 00 00 00 00 00 00 00 00 8e 00
                                 00 00 00 00 00 00 00 00 00 00 00 00 00 00 00 00
                                 00 00 00 00 00 00 00 00 00 00 00 00 00 00 00 00

transceiver lane               : 0
---------------
Tx los                         : N/A
Tx cdr lol                     : N/A
Rx los                         : N/A
Rx cdr lol                     : N/A
Tx bias in mA                  : N/A
Tx power in dBm                : N/A
Rx power in dBm                : N/A
----------------------------------------
transceiver lane               : 1
---------------
Tx los                         : N/A
Tx cdr lol                     : N/A
Rx los                         : N/A
Rx cdr lol                     : N/A
Tx bias in mA                  : N/A
Tx power in dBm                : N/A
Rx power in dBm                : N/A
----------------------------------------
transceiver lane               : 2
---------------
Tx los                         : N/A
Tx cdr lol                     : N/A
Rx los                         : N/A
Rx cdr lol                     : N/A
Tx bias in mA                  : N/A
Tx power in dBm                : N/A
Rx power in dBm                : N/A
----------------------------------------
transceiver lane               : 3
---------------
Tx los                         : N/A
Tx cdr lol                     : N/A
Rx los                         : N/A
Rx cdr lol                     : N/A
Tx bias in mA                  : N/A
Tx power in dBm                : N/A
Rx power in dBm                : N/A
----------------------------------------
Tx bias high alarm in mA       : N/A
Tx bias low alarm in mA        : N/A
Tx bias high warning in mA     : N/A
Tx bias low warning in mA      : N/A
Tx power high alarm in dBm     : N/A
Tx power low alarm in dBm      : N/A
Tx power high warning in dBm   : N/A
Tx power low warning in dBm    : N/A
Rx power high alarm in dBm     : N/A
Rx power low alarm in dBm      : N/A
Rx power high warning in dBm   : N/A
Rx power low warning in dBm    : N/A
-------------------------------------------------------------------------------------

NIC : 42424650-4c32-3532-3230-313044000000 (0000:66:00.0)

Port : 04908136-7068-4242-4242-000011010000 (eth1/1)
Type                           : QSFP_CMIS
State                          : SPROM-READ
Length Single Mode Fiber       : 0.000000 KM
Length 62.5um OM1 Fiber        : 0 Meters
Length 50um   OM2 Fiber        : 0 Meters
Length 50um   OM3 Fiber        : 0 Meters
Length 50um   OM4 Fiber        : 0 Meters
Length 50um   OM5 Fiber        : 0 Meters
Length Copper                  : 2.000000 Meters
Length AOC Fiber               : 0.000000 Meters
Vendor name                    : ColorChip 
Vendor part number             : C-DQQ4X2R0A1-00 
Vendor serial number           : 2529900037 
Vendor revision                : 01 
Xcvr sprom (hex dump)          : 
                                 1e 50 80 07 00 00 00 00 00 00 00 00 00 00 00 00
                                 00 00 00 00 00 00 00 00 00 00 00 00 00 00 00 00
                                 00 00 00 00 00 00 00 00 00 00 00 00 00 00 00 00
                                 00 00 00 00 00 00 00 00 00 00 00 00 00 00 00 00
                                 00 00 00 00 00 00 00 00 00 00 00 00 00 00 00 00
                                 00 00 00 00 00 03 48 01 44 01 32 01 44 01 ff 00
                                 00 00 00 00 00 00 00 00 00 00 00 00 00 00 00 00
                                 00 00 00 00 00 00 00 00 00 00 00 00 00 00 00 00
                                 1e 43 6f 6c 6f 72 43 68 69 70 20 20 20 20 20 20
                                 20 e4 25 e9 43 2d 44 51 51 34 58 32 52 30 41 31
                                 2d 30 30 20 30 31 32 35 32 39 39 30 30 30 33 37
                                 20 20 20 20 20 20 32 35 30 37 31 38 20 20 20 20
                                 00 00 00 00 00 00 00 00 00 01 42 23 05 06 09 00
                                 00 00 00 03 0a 00 00 00 00 00 00 00 00 00 8c 00
                                 00 00 00 00 00 00 00 00 00 00 00 00 00 00 00 00
                                 00 00 00 00 00 00 00 00 00 00 00 00 00 00 00 00

transceiver lane               : 0
---------------
Tx los                         : N/A
Tx cdr lol                     : N/A
Rx los                         : N/A
Rx cdr lol                     : N/A
Tx bias in mA                  : N/A
Tx power in dBm                : N/A
Rx power in dBm                : N/A
----------------------------------------
transceiver lane               : 1
---------------
Tx los                         : N/A
Tx cdr lol                     : N/A
Rx los                         : N/A
Rx cdr lol                     : N/A
Tx bias in mA                  : N/A
Tx power in dBm                : N/A
Rx power in dBm                : N/A
----------------------------------------
transceiver lane               : 2
---------------
Tx los                         : N/A
Tx cdr lol                     : N/A
Rx los                         : N/A
Rx cdr lol                     : N/A
Tx bias in mA                  : N/A
Tx power in dBm                : N/A
Rx power in dBm                : N/A
----------------------------------------
transceiver lane               : 3
---------------
Tx los                         : N/A
Tx cdr lol                     : N/A
Rx los                         : N/A
Rx cdr lol                     : N/A
Tx bias in mA                  : N/A
Tx power in dBm                : N/A
Rx power in dBm                : N/A
----------------------------------------
Tx bias high alarm in mA       : N/A
Tx bias low alarm in mA        : N/A
Tx bias high warning in mA     : N/A
Tx bias low warning in mA      : N/A
Tx power high alarm in dBm     : N/A
Tx power low alarm in dBm      : N/A
Tx power high warning in dBm   : N/A
Tx power low warning in dBm    : N/A
Rx power high alarm in dBm     : N/A
Rx power low alarm in dBm      : N/A
Rx power high warning in dBm   : N/A
Rx power low warning in dBm    : N/A
-------------------------------------------------------------------------------------

NIC : 42424650-4c32-3532-3230-334131000000 (0000:76:00.0)

Port : 04908136-ae48-4242-4242-000011010000 (eth1/1)
Type                           : QSFP_CMIS
State                          : SPROM-READ
Length Single Mode Fiber       : 0.000000 KM
Length 62.5um OM1 Fiber        : 0 Meters
Length 50um   OM2 Fiber        : 0 Meters
Length 50um   OM3 Fiber        : 0 Meters
Length 50um   OM4 Fiber        : 0 Meters
Length 50um   OM5 Fiber        : 0 Meters
Length Copper                  : 2.000000 Meters
Length AOC Fiber               : 0.000000 Meters
Vendor name                    : ColorChip 
Vendor part number             : C-DQQ4X2R0A1-00 
Vendor serial number           : 2529900038 
Vendor revision                : 01 
Xcvr sprom (hex dump)          : 
                                 1e 50 80 07 00 00 00 00 00 00 00 00 00 00 00 00
                                 00 00 00 00 00 00 00 00 00 00 00 00 00 00 00 00
                                 00 00 00 00 00 00 00 00 00 00 00 00 00 00 00 00
                                 00 00 00 00 00 00 00 00 00 00 00 00 00 00 00 00
                                 00 00 00 00 00 00 00 00 00 00 00 00 00 00 00 00
                                 00 00 00 00 00 03 48 01 44 01 32 01 44 01 ff 00
                                 00 00 00 00 00 00 00 00 00 00 00 00 00 00 00 00
                                 00 00 00 00 00 00 00 00 00 00 00 00 00 00 00 00
                                 1e 43 6f 6c 6f 72 43 68 69 70 20 20 20 20 20 20
                                 20 e4 25 e9 43 2d 44 51 51 34 58 32 52 30 41 31
                                 2d 30 30 20 30 31 32 35 32 39 39 30 30 30 33 38
                                 20 20 20 20 20 20 32 35 30 37 31 38 20 20 20 20
                                 00 00 00 00 00 00 00 00 00 01 42 23 05 06 09 00
                                 00 00 00 03 0a 00 00 00 00 00 00 00 00 00 8d 00
                                 00 00 00 00 00 00 00 00 00 00 00 00 00 00 00 00
                                 00 00 00 00 00 00 00 00 00 00 00 00 00 00 00 00

transceiver lane               : 0
---------------
Tx los                         : N/A
Tx cdr lol                     : N/A
Rx los                         : N/A
Rx cdr lol                     : N/A
Tx bias in mA                  : N/A
Tx power in dBm                : N/A
Rx power in dBm                : N/A
----------------------------------------
transceiver lane               : 1
---------------
Tx los                         : N/A
Tx cdr lol                     : N/A
Rx los                         : N/A
Rx cdr lol                     : N/A
Tx bias in mA                  : N/A
Tx power in dBm                : N/A
Rx power in dBm                : N/A
----------------------------------------
transceiver lane               : 2
---------------
Tx los                         : N/A
Tx cdr lol                     : N/A
Rx los                         : N/A
Rx cdr lol                     : N/A
Tx bias in mA                  : N/A
Tx power in dBm                : N/A
Rx power in dBm                : N/A
----------------------------------------
transceiver lane               : 3
---------------
Tx los                         : N/A
Tx cdr lol                     : N/A
Rx los                         : N/A
Rx cdr lol                     : N/A
Tx bias in mA                  : N/A
Tx power in dBm                : N/A
Rx power in dBm                : N/A
----------------------------------------
Tx bias high alarm in mA       : N/A
Tx bias low alarm in mA        : N/A
Tx bias high warning in mA     : N/A
Tx bias low warning in mA      : N/A
Tx power high alarm in dBm     : N/A
Tx power low alarm in dBm      : N/A
Tx power high warning in dBm   : N/A
Tx power low warning in dBm    : N/A
Rx power high alarm in dBm     : N/A
Rx power low alarm in dBm      : N/A
Rx power high warning in dBm   : N/A
Rx power low warning in dBm    : N/A
-------------------------------------------------------------------------------------

NIC : 42424650-4c32-3532-3230-304643000000 (0000:86:00.0)

Port : 04908136-6ed0-4242-4242-000011010000 (eth1/1)
Type                           : QSFP_CMIS
State                          : SPROM-READ
Length Single Mode Fiber       : 0.000000 KM
Length 62.5um OM1 Fiber        : 0 Meters
Length 50um   OM2 Fiber        : 0 Meters
Length 50um   OM3 Fiber        : 0 Meters
Length 50um   OM4 Fiber        : 0 Meters
Length 50um   OM5 Fiber        : 0 Meters
Length Copper                  : 2.000000 Meters
Length AOC Fiber               : 0.000000 Meters
Vendor name                    : ColorChip 
Vendor part number             : C-DQQ4X2R0A1-00 
Vendor serial number           : 2529900043 
Vendor revision                : 01 
Xcvr sprom (hex dump)          : 
                                 1e 50 80 07 00 00 00 00 00 00 00 00 00 00 00 00
                                 00 00 00 00 00 00 00 00 00 00 00 00 00 00 00 00
                                 00 00 00 00 00 00 00 00 00 00 00 00 00 00 00 00
                                 00 00 00 00 00 00 00 00 00 00 00 00 00 00 00 00
                                 00 00 00 00 00 00 00 00 00 00 00 00 00 00 00 00
                                 00 00 00 00 00 03 48 01 44 01 32 01 44 01 ff 00
                                 00 00 00 00 00 00 00 00 00 00 00 00 00 00 00 00
                                 00 00 00 00 00 00 00 00 00 00 00 00 00 00 00 00
                                 1e 43 6f 6c 6f 72 43 68 69 70 20 20 20 20 20 20
                                 20 e4 25 e9 43 2d 44 51 51 34 58 32 52 30 41 31
                                 2d 30 30 20 30 31 32 35 32 39 39 30 30 30 34 33
                                 20 20 20 20 20 20 32 35 30 37 31 38 20 20 20 20
                                 00 00 00 00 00 00 00 00 00 01 42 23 05 06 09 00
                                 00 00 00 03 0a 00 00 00 00 00 00 00 00 00 89 00
                                 00 00 00 00 00 00 00 00 00 00 00 00 00 00 00 00
                                 00 00 00 00 00 00 00 00 00 00 00 00 00 00 00 00

transceiver lane               : 0
---------------
Tx los                         : N/A
Tx cdr lol                     : N/A
Rx los                         : N/A
Rx cdr lol                     : N/A
Tx bias in mA                  : N/A
Tx power in dBm                : N/A
Rx power in dBm                : N/A
----------------------------------------
transceiver lane               : 1
---------------
Tx los                         : N/A
Tx cdr lol                     : N/A
Rx los                         : N/A
Rx cdr lol                     : N/A
Tx bias in mA                  : N/A
Tx power in dBm                : N/A
Rx power in dBm                : N/A
----------------------------------------
transceiver lane               : 2
---------------
Tx los                         : N/A
Tx cdr lol                     : N/A
Rx los                         : N/A
Rx cdr lol                     : N/A
Tx bias in mA                  : N/A
Tx power in dBm                : N/A
Rx power in dBm                : N/A
----------------------------------------
transceiver lane               : 3
---------------
Tx los                         : N/A
Tx cdr lol                     : N/A
Rx los                         : N/A
Rx cdr lol                     : N/A
Tx bias in mA                  : N/A
Tx power in dBm                : N/A
Rx power in dBm                : N/A
----------------------------------------
Tx bias high alarm in mA       : N/A
Tx bias low alarm in mA        : N/A
Tx bias high warning in mA     : N/A
Tx bias low warning in mA      : N/A
Tx power high alarm in dBm     : N/A
Tx power low alarm in dBm      : N/A
Tx power high warning in dBm   : N/A
Tx power low warning in dBm    : N/A
Rx power high alarm in dBm     : N/A
Rx power low alarm in dBm      : N/A
Rx power high warning in dBm   : N/A
Rx power low warning in dBm    : N/A
-------------------------------------------------------------------------------------

NIC : 42424650-4c32-3532-3230-313233000000 (0000:96:00.0)

Port : 04908136-7278-4242-4242-000011010000 (eth1/1)
Type                           : QSFP_CMIS
State                          : SPROM-READ
Length Single Mode Fiber       : 0.000000 KM
Length 62.5um OM1 Fiber        : 0 Meters
Length 50um   OM2 Fiber        : 0 Meters
Length 50um   OM3 Fiber        : 0 Meters
Length 50um   OM4 Fiber        : 0 Meters
Length 50um   OM5 Fiber        : 0 Meters
Length Copper                  : 2.000000 Meters
Length AOC Fiber               : 0.000000 Meters
Vendor name                    : ColorChip 
Vendor part number             : C-DQQ4X2R0A1-00 
Vendor serial number           : 2529900042 
Vendor revision                : 01 
Xcvr sprom (hex dump)          : 
                                 1e 50 80 07 00 00 00 00 00 00 00 00 00 00 00 00
                                 00 00 00 00 00 00 00 00 00 00 00 00 00 00 00 00
                                 00 00 00 00 00 00 00 00 00 00 00 00 00 00 00 00
                                 00 00 00 00 00 00 00 00 00 00 00 00 00 00 00 00
                                 00 00 00 00 00 00 00 00 00 00 00 00 00 00 00 00
                                 00 00 00 00 00 03 48 01 44 01 32 01 44 01 ff 00
                                 00 00 00 00 00 00 00 00 00 00 00 00 00 00 00 00
                                 00 00 00 00 00 00 00 00 00 00 00 00 00 00 00 00
                                 1e 43 6f 6c 6f 72 43 68 69 70 20 20 20 20 20 20
                                 20 e4 25 e9 43 2d 44 51 51 34 58 32 52 30 41 31
                                 2d 30 30 20 30 31 32 35 32 39 39 30 30 30 34 32
                                 20 20 20 20 20 20 32 35 30 37 31 38 20 20 20 20
                                 00 00 00 00 00 00 00 00 00 01 42 23 05 06 09 00
                                 00 00 00 03 0a 00 00 00 00 00 00 00 00 00 88 00
                                 00 00 00 00 00 00 00 00 00 00 00 00 00 00 00 00
                                 00 00 00 00 00 00 00 00 00 00 00 00 00 00 00 00

transceiver lane               : 0
---------------
Tx los                         : N/A
Tx cdr lol                     : N/A
Rx los                         : N/A
Rx cdr lol                     : N/A
Tx bias in mA                  : N/A
Tx power in dBm                : N/A
Rx power in dBm                : N/A
----------------------------------------
transceiver lane               : 1
---------------
Tx los                         : N/A
Tx cdr lol                     : N/A
Rx los                         : N/A
Rx cdr lol                     : N/A
Tx bias in mA                  : N/A
Tx power in dBm                : N/A
Rx power in dBm                : N/A
----------------------------------------
transceiver lane               : 2
---------------
Tx los                         : N/A
Tx cdr lol                     : N/A
Rx los                         : N/A
Rx cdr lol                     : N/A
Tx bias in mA                  : N/A
Tx power in dBm                : N/A
Rx power in dBm                : N/A
----------------------------------------
transceiver lane               : 3
---------------
Tx los                         : N/A
Tx cdr lol                     : N/A
Rx los                         : N/A
Rx cdr lol                     : N/A
Tx bias in mA                  : N/A
Tx power in dBm                : N/A
Rx power in dBm                : N/A
----------------------------------------
Tx bias high alarm in mA       : N/A
Tx bias low alarm in mA        : N/A
Tx bias high warning in mA     : N/A
Tx bias low warning in mA      : N/A
Tx power high alarm in dBm     : N/A
Tx power low alarm in dBm      : N/A
Tx power high warning in dBm   : N/A
Tx power low warning in dBm    : N/A
Rx power high alarm in dBm     : N/A
Rx power low alarm in dBm      : N/A
Rx power high warning in dBm   : N/A
Rx power low warning in dBm    : N/A
-------------------------------------------------------------------------------------

NIC : 42424650-4c32-3532-3230-313239000000 (0000:f6:00.0)

Port : 04908136-7308-4242-4242-000011010000 (eth1/1)
Type                           : QSFP_CMIS
State                          : SPROM-READ
Length Single Mode Fiber       : 0.000000 KM
Length 62.5um OM1 Fiber        : 0 Meters
Length 50um   OM2 Fiber        : 0 Meters
Length 50um   OM3 Fiber        : 0 Meters
Length 50um   OM4 Fiber        : 0 Meters
Length 50um   OM5 Fiber        : 0 Meters
Length Copper                  : 2.000000 Meters
Length AOC Fiber               : 0.000000 Meters
Vendor name                    : ColorChip 
Vendor part number             : C-DQQ4X2R0A1-00 
Vendor serial number           : 2529900044 
Vendor revision                : 01 
Xcvr sprom (hex dump)          : 
                                 1e 50 80 07 00 00 00 00 00 00 00 00 00 00 00 00
                                 00 00 00 00 00 00 00 00 00 00 00 00 00 00 00 00
                                 00 00 00 00 00 00 00 00 00 00 00 00 00 00 00 00
                                 00 00 00 00 00 00 00 00 00 00 00 00 00 00 00 00
                                 00 00 00 00 00 00 00 00 00 00 00 00 00 00 00 00
                                 00 00 00 00 00 03 48 01 44 01 32 01 44 01 ff 00
                                 00 00 00 00 00 00 00 00 00 00 00 00 00 00 00 00
                                 00 00 00 00 00 00 00 00 00 00 00 00 00 00 00 00
                                 1e 43 6f 6c 6f 72 43 68 69 70 20 20 20 20 20 20
                                 20 e4 25 e9 43 2d 44 51 51 34 58 32 52 30 41 31
                                 2d 30 30 20 30 31 32 35 32 39 39 30 30 30 34 34
                                 20 20 20 20 20 20 32 35 30 37 31 38 20 20 20 20
                                 00 00 00 00 00 00 00 00 00 01 42 23 05 06 09 00
                                 00 00 00 03 0a 00 00 00 00 00 00 00 00 00 8a 00
                                 00 00 00 00 00 00 00 00 00 00 00 00 00 00 00 00
                                 00 00 00 00 00 00 00 00 00 00 00 00 00 00 00 00

transceiver lane               : 0
---------------
Tx los                         : N/A
Tx cdr lol                     : N/A
Rx los                         : N/A
Rx cdr lol                     : N/A
Tx bias in mA                  : N/A
Tx power in dBm                : N/A
Rx power in dBm                : N/A
----------------------------------------
transceiver lane               : 1
---------------
Tx los                         : N/A
Tx cdr lol                     : N/A
Rx los                         : N/A
Rx cdr lol                     : N/A
Tx bias in mA                  : N/A
Tx power in dBm                : N/A
Rx power in dBm                : N/A
----------------------------------------
transceiver lane               : 2
---------------
Tx los                         : N/A
Tx cdr lol                     : N/A
Rx los                         : N/A
Rx cdr lol                     : N/A
Tx bias in mA                  : N/A
Tx power in dBm                : N/A
Rx power in dBm                : N/A
----------------------------------------
transceiver lane               : 3
---------------
Tx los                         : N/A
Tx cdr lol                     : N/A
Rx los                         : N/A
Rx cdr lol                     : N/A
Tx bias in mA                  : N/A
Tx power in dBm                : N/A
Rx power in dBm                : N/A
----------------------------------------
Tx bias high alarm in mA       : N/A
Tx bias low alarm in mA        : N/A
Tx bias high warning in mA     : N/A
Tx bias low warning in mA      : N/A
Tx power high alarm in dBm     : N/A
Tx power low alarm in dBm      : N/A
Tx power high warning in dBm   : N/A
Tx power low warning in dBm    : N/A
Rx power high alarm in dBm     : N/A
Rx power low alarm in dBm      : N/A
Rx power high warning in dBm   : N/A
Rx power low warning in dBm    : N/A
-------------------------------------------------------------------------------------

